Collecting torch
  Downloading torch-2.14.0-cp313-cp313-win_amd64.whl.metadata (38 kB)
Collecting transformers
  Downloading transformers-5.16.1-py3-none-any.whl.metadata (32 kB)
Collecting onnx
  Downloading onnx-1.22.0-cp312-abi3-win_amd64.whl.metadata (8.5 kB)
Collecting onnxruntime
  Downloading onnxruntime-1.29.0-cp313-cp313-win_amd64.whl.metadata (5.8 kB)
Collecting onnxscript
  Downloading onnxscript-0.7.1-py3-none-any.whl.metadata (13 kB)
Collecting accelerate
  Downloading accelerate-1.14.0-py3-none-any.whl.metadata (19 kB)
Collecting netron
  Downloading netron-9.2.6-py3-none-any.whl.metadata (1.5 kB)
Collecting numpy
  Downloading numpy-2.5.3-cp313-cp313-win_amd64.whl.metadata (6.6 kB)
Collecting huggingface_hub[hf_xet]
  Downloading huggingface_hub-1.30.0-py3-none-any.whl.metadata (16 kB)
Collecting filelock (from torch)
  Downloading filelock-3.32.6-py3-none-any.whl.metadata (2.0 kB)
Collecting typing-extensions>=4.10.0 (from torch)
  Downloading typing_extensions-4.16.0-py3-none-any.whl.metadata (3.3 kB)
Collecting setuptools>=77.0.3 (from torch)
  Downloading setuptools-84.0.0-py3-none-any.whl.metadata (6.6 kB)
Collecting sympy>=1.13.3 (from torch)
  Downloading sympy-1.14.0-py3-none-any.whl.metadata (12 kB)
Collecting networkx>=2.5.1 (from torch)
  Downloading networkx-3.6.1-py3-none-any.whl.metadata (6.8 kB)
Collecting jinja2 (from torch)
  Downloading jinja2-3.1.6-py3-none-any.whl.metadata (2.9 kB)
Collecting fsspec>=0.8.5 (from torch)
  Downloading fsspec-2026.7.0-py3-none-any.whl.metadata (10 kB)
Collecting packaging>=20.0 (from transformers)
  Downloading packaging-26.3-py3-none-any.whl.metadata (3.5 kB)
Collecting pyyaml>=5.1 (from transformers)
  Downloading pyyaml-6.0.3-cp313-cp313-win_amd64.whl.metadata (2.4 kB)
Collecting regex>=2025.10.22 (from transformers)
  Downloading regex-2026.9.3-cp313-cp313-win_amd64.whl.metadata (41 kB)
Collecting tokenizers<0.24.0,>=0.23.1 (from transformers)
  Downloading tokenizers-0.23.2-cp310-abi3-win_amd64.whl.metadata (10 kB)
Collecting typer (from transformers)
  Downloading typer-0.27.2-py3-none-any.whl.metadata (16 kB)
Collecting safetensors>=0.8.0 (from transformers)
  Downloading safetensors-0.8.0-cp310-abi3-win_amd64.whl.metadata (4.2 kB)
Collecting tqdm>=4.60 (from transformers)
  Downloading tqdm-4.70.0-py3-none-any.whl.metadata (57 kB)
Collecting click<9.0.0,>=8.4.2 (from huggingface_hub[hf_xet])
  Downloading click-8.5.0-py3-none-any.whl.metadata (2.6 kB)
Collecting hf-xet<2.0.0,>=1.5.2 (from huggingface_hub[hf_xet])
  Downloading hf_xet-1.6.0-cp38-abi3-win_amd64.whl.metadata (4.9 kB)
Collecting httpx<1,>=0.23.0 (from huggingface_hub[hf_xet])
  Downloading httpx-0.28.1-py3-none-any.whl.metadata (7.1 kB)
Collecting anyio (from httpx<1,>=0.23.0->huggingface_hub[hf_xet])
  Downloading anyio-4.15.1-py3-none-any.whl.metadata (4.7 kB)
Collecting certifi (from httpx<1,>=0.23.0->huggingface_hub[hf_xet])
  Downloading certifi-2026.7.22-py3-none-any.whl.metadata (2.5 kB)
Collecting httpcore==1.* (from httpx<1,>=0.23.0->huggingface_hub[hf_xet])
  Downloading httpcore-1.0.9-py3-none-any.whl.metadata (21 kB)
Collecting idna (from httpx<1,>=0.23.0->huggingface_hub[hf_xet])
  Downloading idna-3.19-py3-none-any.whl.metadata (9.2 kB)
Collecting h11>=0.16 (from httpcore==1.*->httpx<1,>=0.23.0->huggingface_hub[hf_xet])
  Downloading h11-0.16.0-py3-none-any.whl.metadata (8.3 kB)
Collecting protobuf>=4.25.1 (from onnx)
  Downloading protobuf-7.36.1-cp310-abi3-win_amd64.whl.metadata (595 bytes)
Collecting ml_dtypes>=0.5.4 (from onnx)
  Downloading ml_dtypes-0.6.0-cp313-cp313-win_amd64.whl.metadata (8.8 kB)
Collecting flatbuffers (from onnxruntime)
  Downloading flatbuffers-25.12.19-py2.py3-none-any.whl.metadata (1.0 kB)
Collecting onnx_ir<2,>=0.1.16 (from onnxscript)
  Downloading onnx_ir-1.0.0-py3-none-any.whl.metadata (3.3 kB)
Collecting psutil (from accelerate)
  Downloading psutil-7.2.2-cp37-abi3-win_amd64.whl.metadata (22 kB)
Collecting mpmath<1.4,>=1.1.0 (from sympy>=1.13.3->torch)
  Downloading mpmath-1.3.0-py3-none-any.whl.metadata (8.6 kB)
Collecting colorama (from tqdm>=4.60->transformers)
  Downloading colorama-0.4.6-py2.py3-none-any.whl.metadata (17 kB)
Collecting MarkupSafe>=2.0 (from jinja2->torch)
  Downloading markupsafe-3.0.3-cp313-cp313-win_amd64.whl.metadata (2.8 kB)
Collecting shellingham>=1.3.0 (from typer->transformers)
  Downloading shellingham-1.5.4-py2.py3-none-any.whl.metadata (3.5 kB)
Collecting rich>=13.8.0 (from typer->transformers)
  Downloading rich-15.0.0-py3-none-any.whl.metadata (18 kB)
Collecting annotated-doc>=0.0.2 (from typer->transformers)
  Downloading annotated_doc-0.0.5-py3-none-any.whl.metadata (6.5 kB)
Collecting markdown-it-py>=2.2.0 (from rich>=13.8.0->typer->transformers)
  Downloading markdown_it_py-4.2.0-py3-none-any.whl.metadata (7.4 kB)
Collecting pygments<3.0.0,>=2.13.0 (from rich>=13.8.0->typer->transformers)
  Downloading pygments-2.21.0-py3-none-any.whl.metadata (2.5 kB)
Collecting mdurl~=0.1 (from markdown-it-py>=2.2.0->rich>=13.8.0->typer->transformers)
  Downloading mdurl-0.1.2-py3-none-any.whl.metadata (1.6 kB)
Downloading torch-2.14.0-cp313-cp313-win_amd64.whl (124.1 MB)
   ---------------------------------------- 124.1/124.1 MB 4.4 MB/s  0:00:27
Downloading transformers-5.16.1-py3-none-any.whl (12.1 MB)
   ---------------------------------------- 12.1/12.1 MB 2.0 MB/s  0:00:06
Downloading huggingface_hub-1.30.0-py3-none-any.whl (796 kB)
   ---------------------------------------- 796.8/796.8 kB 2.7 MB/s  0:00:00
Downloading click-8.5.0-py3-none-any.whl (125 kB)
Downloading hf_xet-1.6.0-cp38-abi3-win_amd64.whl (4.0 MB)
   ---------------------------------------- 4.0/4.0 MB 2.3 MB/s  0:00:01
Downloading httpx-0.28.1-py3-none-any.whl (73 kB)
Downloading httpcore-1.0.9-py3-none-any.whl (78 kB)
Downloading tokenizers-0.23.2-cp310-abi3-win_amd64.whl (2.9 MB)
   ---------------------------------------- 2.9/2.9 MB 2.4 MB/s  0:00:01
Downloading onnx-1.22.0-cp312-abi3-win_amd64.whl (17.2 MB)
   ---------------------------------------- 17.2/17.2 MB 3.5 MB/s  0:00:04
Downloading onnxruntime-1.29.0-cp313-cp313-win_amd64.whl (14.0 MB)
   ---------------------------------------- 14.0/14.0 MB 5.1 MB/s  0:00:02
Downloading onnxscript-0.7.1-py3-none-any.whl (721 kB)
   ---------------------------------------- 722.0/722.0 kB 5.6 MB/s  0:00:00
Downloading onnx_ir-1.0.0-py3-none-any.whl (185 kB)
Downloading accelerate-1.14.0-py3-none-any.whl (389 kB)
Downloading netron-9.2.6-py3-none-any.whl (3.6 MB)
   ---------------------------------------- 3.6/3.6 MB 5.7 MB/s  0:00:00
Downloading numpy-2.5.3-cp313-cp313-win_amd64.whl (12.6 MB)
   ---------------------------------------- 12.6/12.6 MB 6.2 MB/s  0:00:02
Downloading filelock-3.32.6-py3-none-any.whl (100 kB)
Downloading fsspec-2026.7.0-py3-none-any.whl (206 kB)
Downloading h11-0.16.0-py3-none-any.whl (37 kB)
Downloading ml_dtypes-0.6.0-cp313-cp313-win_amd64.whl (439 kB)
Downloading networkx-3.6.1-py3-none-any.whl (2.1 MB)
   ---------------------------------------- 2.1/2.1 MB 7.3 MB/s  0:00:00
Downloading packaging-26.3-py3-none-any.whl (129 kB)
Downloading protobuf-7.36.1-cp310-abi3-win_amd64.whl (456 kB)
Downloading pyyaml-6.0.3-cp313-cp313-win_amd64.whl (154 kB)
Downloading regex-2026.9.3-cp313-cp313-win_amd64.whl (277 kB)
Downloading safetensors-0.8.0-cp310-abi3-win_amd64.whl (355 kB)
Downloading setuptools-84.0.0-py3-none-any.whl (818 kB)
   ---------------------------------------- 818.2/818.2 kB 5.4 MB/s  0:00:00
Downloading sympy-1.14.0-py3-none-any.whl (6.3 MB)
   ---------------------------------------- 6.3/6.3 MB 5.9 MB/s  0:00:01
Downloading mpmath-1.3.0-py3-none-any.whl (536 kB)
   ---------------------------------------- 536.2/536.2 kB 4.1 MB/s  0:00:00
Downloading tqdm-4.70.0-py3-none-any.whl (80 kB)
Downloading typing_extensions-4.16.0-py3-none-any.whl (45 kB)
Downloading anyio-4.15.1-py3-none-any.whl (132 kB)
Downloading idna-3.19-py3-none-any.whl (68 kB)
Downloading certifi-2026.7.22-py3-none-any.whl (136 kB)
Downloading colorama-0.4.6-py2.py3-none-any.whl (25 kB)
Downloading flatbuffers-25.12.19-py2.py3-none-any.whl (26 kB)
Downloading jinja2-3.1.6-py3-none-any.whl (134 kB)
Downloading markupsafe-3.0.3-cp313-cp313-win_amd64.whl (15 kB)
Downloading psutil-7.2.2-cp37-abi3-win_amd64.whl (137 kB)
Downloading typer-0.27.2-py3-none-any.whl (123 kB)
Downloading annotated_doc-0.0.5-py3-none-any.whl (5.3 kB)
Downloading rich-15.0.0-py3-none-any.whl (310 kB)
Downloading pygments-2.21.0-py3-none-any.whl (1.3 MB)
   ---------------------------------------- 1.3/1.3 MB 4.8 MB/s  0:00:00
Downloading markdown_it_py-4.2.0-py3-none-any.whl (91 kB)
Downloading mdurl-0.1.2-py3-none-any.whl (10.0 kB)
Downloading shellingham-1.5.4-py2.py3-none-any.whl (9.8 kB)
Installing collected packages: netron, mpmath, flatbuffers, typing-extensions, sympy, shellingham, setuptools, safetensors, regex, pyyaml, pygments, psutil, protobuf, packaging, numpy, networkx, mdurl, MarkupSafe, idna, hf-xet, h11, fsspec, filelock, colorama, click, certifi, annotated-doc, tqdm, onnxruntime, ml_dtypes, markdown-it-py, jinja2, httpcore, anyio, torch, rich, onnx, httpx, typer, onnx_ir, huggingface_hub, tokenizers, onnxscript, accelerate, transformers

Successfully installed MarkupSafe-3.0.3 accelerate-1.14.0 annotated-doc-0.0.5 anyio-4.15.1 certifi-2026.7.22 click-8.5.0 colorama-0.4.6 filelock-3.32.6 flatbuffers-25.12.19 fsspec-2026.7.0 h11-0.16.0 hf-xet-1.6.0 httpcore-1.0.9 httpx-0.28.1 huggingface_hub-1.30.0 idna-3.19 jinja2-3.1.6 markdown-it-py-4.2.0 mdurl-0.1.2 ml_dtypes-0.6.0 mpmath-1.3.0 netron-9.2.6 networkx-3.6.1 numpy-2.5.3 onnx-1.22.0 onnx_ir-1.0.0 onnxruntime-1.29.0 onnxscript-0.7.1 packaging-26.3 protobuf-7.36.1 psutil-7.2.2 pygments-2.21.0 pyyaml-6.0.3 regex-2026.9.3 rich-15.0.0 safetensors-0.8.0 setuptools-84.0.0 shellingham-1.5.4 sympy-1.14.0 tokenizers-0.23.2 torch-2.14.0 tqdm-4.70.0 transformers-5.16.1 typer-0.27.2 typing-extensions-4.16.0
